../Core/Src/main.c:120:6:Light_LED	8	static
../Core/Src/main.c:153:6:Tf_LED	8	static
../Core/Src/main.c:162:6:Menu_Display	32	static
../Core/Src/main.c:178:5:main	8	static
../Core/Src/main.c:277:6:SystemClock_Config	88	static
../Core/Src/main.c:324:13:MX_ADC1_Init	24	static
../Core/Src/main.c:371:13:MX_I2C1_Init	8	static
../Core/Src/main.c:405:13:MX_USART1_UART_Init	8	static
../Core/Src/main.c:438:13:MX_GPIO_Init	40	static
../Core/Src/main.c:494:6:StartDefaultTask	16	static
../Core/Src/main.c:512:6:pickButton	16	static
../Core/Src/main.c:544:6:getADC	16	static
../Core/Src/main.c:571:6:ledLEVEL	16	static
../Core/Src/main.c:595:6:dispUART	40	static
../Core/Src/main.c:650:6:HAL_TIM_PeriodElapsedCallback	16	static
../Core/Src/main.c:667:6:Error_Handler	4	static,ignoring_inline_asm
